// Jest Snapshot v1, https://goo.gl/fbAQLP

exports[`PhoneNumberGenerator component  should render correctly 1`] = `
<section
  id="app-section"
>
  <h2>
    Random Phone Number Generator
  </h2>
  <button
    className="btn btn-primary"
    onClick={[Function]}
  >
    Generate New Numbers
  </button>
  <a
    className="btn btn-primary"
    href="/download/generatedphonenumbers.json"
    target="_blank"
  >
    Download As JSON
  </a>
  <a
    className="btn btn-primary"
    href="/download/generatedphonenumbers.txt"
    target="_blank"
  >
    Download As Text
  </a>
  <a
    className="btn btn-primary"
    href="/download/generatedphonenumbers.csv"
    target="_blank"
  >
    Download As CSV
  </a>
  <h5>
    Total Phone Numbers Generated: 
    Loading...
  </h5>
  <table
    className="table"
  >
    <thead>
      <tr>
        <th
          scope="col"
        >
          #
        </th>
        <th
          className="toggleHeader"
          onClick={[Function]}
          scope="col"
        >
          Phone Number
          <i
            className="fa fa-sort-up"
          />
        </th>
      </tr>
    </thead>
    <tbody />
  </table>
</section>
`;
